-- Automatically generated by SQLQueryTestSuite
-- !query
SELECT round(525, 1)
-- !query schema
struct<round(525, 1):int>
-- !query output
525


-- !query
SELECT round(525, 0)
-- !query schema
struct<round(525, 0):int>
-- !query output
525


-- !query
SELECT round(525, -1)
-- !query schema
struct<round(525, -1):int>
-- !query output
530


-- !query
SELECT round(525, -2)
-- !query schema
struct<round(525, -2):int>
-- !query output
500


-- !query
SELECT round(525, -3)
-- !query schema
struct<round(525, -3):int>
-- !query output
1000


-- !query
SELECT round(2147483647, -1)
-- !query schema
struct<>
-- !query output
org.apache.spark.SparkArithmeticException
{
  "errorClass" : "ARITHMETIC_OVERFLOW",
  "sqlState" : "22003",
  "messageParameters" : {
    "alternative" : "",
    "config" : "\"spark.sql.ansi.enabled\"",
    "message" : "Overflow"
  },
  "queryContext" : [ {
    "objectType" : "",
    "objectName" : "",
    "startIndex" : 8,
    "stopIndex" : 28,
    "fragment" : "round(2147483647, -1)"
  } ]
}


-- !query
SELECT round(-2147483647, -1)
-- !query schema
struct<>
-- !query output
org.apache.spark.SparkArithmeticException
{
  "errorClass" : "ARITHMETIC_OVERFLOW",
  "sqlState" : "22003",
  "messageParameters" : {
    "alternative" : "",
    "config" : "\"spark.sql.ansi.enabled\"",
    "message" : "Overflow"
  },
  "queryContext" : [ {
    "objectType" : "",
    "objectName" : "",
    "startIndex" : 8,
    "stopIndex" : 29,
    "fragment" : "round(-2147483647, -1)"
  } ]
}


-- !query
SELECT bround(525, 1)
-- !query schema
struct<bround(525, 1):int>
-- !query output
525


-- !query
SELECT bround(525, 0)
-- !query schema
struct<bround(525, 0):int>
-- !query output
525


-- !query
SELECT bround(525, -1)
-- !query schema
struct<bround(525, -1):int>
-- !query output
520


-- !query
SELECT bround(525, -2)
-- !query schema
struct<bround(525, -2):int>
-- !query output
500


-- !query
SELECT bround(525, -3)
-- !query schema
struct<bround(525, -3):int>
-- !query output
1000


-- !query
SELECT bround(2147483647, -1)
-- !query schema
struct<>
-- !query output
org.apache.spark.SparkArithmeticException
{
  "errorClass" : "ARITHMETIC_OVERFLOW",
  "sqlState" : "22003",
  "messageParameters" : {
    "alternative" : "",
    "config" : "\"spark.sql.ansi.enabled\"",
    "message" : "Overflow"
  },
  "queryContext" : [ {
    "objectType" : "",
    "objectName" : "",
    "startIndex" : 8,
    "stopIndex" : 29,
    "fragment" : "bround(2147483647, -1)"
  } ]
}


-- !query
SELECT bround(-2147483647, -1)
-- !query schema
struct<>
-- !query output
org.apache.spark.SparkArithmeticException
{
  "errorClass" : "ARITHMETIC_OVERFLOW",
  "sqlState" : "22003",
  "messageParameters" : {
    "alternative" : "",
    "config" : "\"spark.sql.ansi.enabled\"",
    "message" : "Overflow"
  },
  "queryContext" : [ {
    "objectType" : "",
    "objectName" : "",
    "startIndex" : 8,
    "stopIndex" : 30,
    "fragment" : "bround(-2147483647, -1)"
  } ]
}
