-- Automatically generated by TPCDSQueryTestSuite

-- !query schema
struct<SUM(sales):decimal(28,2)>
-- !query output
NULL
