-- Automatically generated by TPCDSQueryTestSuite

-- !query
SELECT
  i_brand_id brand_id,
  i_brand brand,
  sum(ss_ext_sales_price) ext_price
FROM date_dim, store_sales, item
WHERE d_date_sk = ss_sold_date_sk
  AND ss_item_sk = i_item_sk
  AND i_manager_id = 28
  AND d_moy = 11
  AND d_year = 1999
GROUP BY i_brand, i_brand_id
ORDER BY ext_price DESC, brand_id
LIMIT 100
-- !query schema
struct<brand_id:int,brand:string,ext_price:decimal(17,2)>
-- !query output
10004001	edu packunivamalg #x	20237.13
10005001	scholarunivamalg #x	22468.38
10006001	corpunivamalg #x	15835.02
10006017	corpunivamalg #x	14040.95
1001001	amalgamalg #x	106541.65
1001002	amalgamalg #x	48363.52
10011013	amalgamalgamalg #x	8336.80
10012012	importoamalgamalg #x	14995.50
10013009	exportiamalgamalg #x	8324.62
10014016	edu packamalgamalg #x	33635.08
10015001	scholaramalgamalg #x	18789.40
10015011	scholaramalgamalg #x	36984.49
10016003	corpamalgamalg #x	24575.24
1002001	importoamalg #x	98315.70
1003001	exportiamalg #x	36391.68
1003002	exportiamalg #x	12479.78
1004001	edu packamalg #x	46127.07
1004002	edu packamalg #x	66973.45
2001001	amalgimporto #x	128393.59
2001002	amalgimporto #x	19388.05
2002001	importoimporto #x	43360.76
2003001	exportiimporto #x	19467.87
2003002	exportiimporto #x	10938.52
2004001	edu packimporto #x	44063.02
2004002	edu packimporto #x	37031.29
3001001	amalgexporti #x	34860.20
3001002	amalgexporti #x	32035.45
3002001	importoexporti #x	24004.65
3002002	importoexporti #x	20292.13
3003001	exportiexporti #x	65256.40
3003002	exportiexporti #x	23607.27
3004001	edu packexporti #x	27273.13
4001001	amalgedu pack #x	75471.82
4001002	amalgedu pack #x	41578.64
4002001	importoedu pack #x	52314.09
4002002	importoedu pack #x	16426.77
4003001	exportiedu pack #x	58980.05
4004002	edu packedu pack #x	27176.70
5001001	amalgscholar #x	114563.05
5001002	amalgscholar #x	50720.91
5002001	importoscholar #x	81980.18
5002002	importoscholar #x	40981.69
5003001	exportischolar #x	104481.32
5003002	exportischolar #x	36835.57
5004001	edu packscholar #x	73945.27
6001005	amalgcorp #x	9749.25
6002001	importocorp #x	18495.43
6002002	importocorp #x	34241.20
6003006	exporticorp #x	9165.48
6005001	scholarcorp #x	33315.76
6005003	scholarcorp #x	6941.66
6006002	corpcorp #x	22325.52
6006006	corpcorp #x	8284.80
6008001	namelesscorp #x	17727.46
6008008	namelesscorp #x	10056.32
6009003	maxicorp #x	11124.10
6009008	maxicorp #x	15232.66
6011001	amalgbrand #x	26270.95
6011006	amalgbrand #x	10284.31
6013005	exportibrand #x	18356.01
6013007	exportibrand #x	16727.14
6014001	edu packbrand #x	22383.40
6014007	edu packbrand #x	24592.55
6014008	edu packbrand #x	11413.01
6015001	scholarbrand #x	19136.97
6015003	scholarbrand #x	11218.72
6015005	scholarbrand #x	13026.37
7002004	importobrand #x	18040.61
7003005	exportibrand #x	30027.76
7006010	corpbrand #x	15745.12
7009005	maxibrand #x	35893.23
7011009	amalgnameless #x	15381.64
7015003	scholarnameless #x	16482.66
7015007	scholarnameless #x	11804.43
8001003	amalgnameless #x	32795.69
8002010	importonameless #x	16810.57
8004003	edu packnameless #x	12978.96
8004009	edu packnameless #x	21775.18
8005010	scholarnameless #x	28072.90
8006005	corpnameless #x	19946.01
8006008	corpnameless #x	20393.22
8009003	maxinameless #x	21849.29
8009007	maxinameless #x	18581.52
8010006	univmaxi #x	19389.31
8011009	amalgmaxi #x	24766.62
8012005	importomaxi #x	7777.35
8013006	exportimaxi #x	7794.40
8013007	exportimaxi #x	15718.95
9003003	exportimaxi #x	21996.83
9004008	edu packmaxi #x	9443.32
9005002	scholarmaxi #x	5871.46
9005011	scholarmaxi #x	15426.87
9008008	namelessmaxi #x	17517.04
9009002	maximaxi #x	25941.37
9011003	amalgunivamalg #x	7703.20
9011008	amalgunivamalg #x	6554.12
9011009	amalgunivamalg #x	26702.81
9013009	exportiunivamalg #x	44895.45
9016003	corpunivamalg #x	13412.20
9016009	corpunivamalg #x	18671.29
