-- Automatically generated by TPCDSQueryTestSuite

-- !query
SELECT
  i_item_id,
  i_item_desc,
  i_current_price
FROM item, inventory, date_dim, store_sales
WHERE i_current_price BETWEEN 62 AND 62 + 30
  AND inv_item_sk = i_item_sk
  AND d_date_sk = inv_date_sk
  AND d_date BETWEEN cast('2000-05-25' AS DATE) AND (cast('2000-05-25' AS DATE) + INTERVAL 60 days)
  AND i_manufact_id IN (129, 270, 821, 423)
  AND inv_quantity_on_hand BETWEEN 100 AND 500
  AND ss_item_sk = i_item_sk
GROUP BY i_item_id, i_item_desc, i_current_price
ORDER BY i_item_id
LIMIT 100
-- !query schema
struct<i_item_id:string,i_item_desc:string,i_current_price:decimal(7,2)>
-- !query output
AAAAAAAAECMCAAAA	Rather vast companies pose quiet, actual carers. Close times take only simple possibilities. Current events might say only on a foundation	67.28
AAAAAAAALIHCAAAA	Things select increased views. Tools imagine for example; ever likely developments live so scottish benefits. Soft, short-term services should give indeed good illu	86.90
