-- Automatically generated by TPCDSQueryTestSuite

-- !query schema
struct<customer_id:string,customername:string>
-- !query output

