-- Automatically generated by SQLQueryTestSuite
-- Number of queries: 34


-- !query 0
CREATE TABLE test_change(a Int, b String, c Int)
-- !query 0 schema
struct<>
-- !query 0 output



-- !query 1
CREATE VIEW test_view(a, b, c) AS
SELECT * FROM VALUES (1, "one", 11), (null, "two", 22) AS testData(a, b, c)
-- !query 1 schema
struct<>
-- !query 1 output



-- !query 2
DESC test_change
-- !query 2 schema
struct<col_name:string,data_type:string,comment:string>
-- !query 2 output
a                   	int                 	                    
b                   	string              	                    
c                   	int


-- !query 3
DESC test_view
-- !query 3 schema
struct<col_name:string,data_type:string,comment:string>
-- !query 3 output
a                   	int                 	                    
b                   	string              	                    
c                   	int


-- !query 4
ALTER TABLE test_change CHANGE a a1 Int
-- !query 4 schema
struct<>
-- !query 4 output
org.apache.spark.sql.AnalysisException
ALTER TABLE CHANGE COLUMN don't support change column 'StructField(a,IntegerType,true,{})' to 'StructField(a1,IntegerType,true,{})';


-- !query 5
ALTER TABLE test_change CHANGE b b1 String, c c1 Int
-- !query 5 schema
struct<>
-- !query 5 output
org.apache.spark.sql.AnalysisException
ALTER TABLE CHANGE COLUMN don't support change column 'StructField(b,StringType,true,{})' to 'StructField(b1,StringType,true,{})';


-- !query 6
DESC test_change
-- !query 6 schema
struct<col_name:string,data_type:string,comment:string>
-- !query 6 output
a                   	int                 	                    
b                   	string              	                    
c                   	int


-- !query 7
ALTER VIEW test_view CHANGE a a1 Int
-- !query 7 schema
struct<>
-- !query 7 output
org.apache.spark.sql.AnalysisException
ALTER TABLE CHANGE COLUMN don't support change column 'StructField(a,IntegerType,true,{})' to 'StructField(a1,IntegerType,true,{})';


-- !query 8
DESC test_view
-- !query 8 schema
struct<col_name:string,data_type:string,comment:string>
-- !query 8 output
a                   	int                 	                    
b                   	string              	                    
c                   	int


-- !query 9
ALTER TABLE test_change CHANGE a a String
-- !query 9 schema
struct<>
-- !query 9 output
org.apache.spark.sql.AnalysisException
ALTER TABLE CHANGE COLUMN don't support change column 'StructField(a,IntegerType,true,{})' to 'StructField(a,StringType,true,{})';


-- !query 10
ALTER TABLE test_change CHANGE b b Int, c c Double
-- !query 10 schema
struct<>
-- !query 10 output
org.apache.spark.sql.AnalysisException
ALTER TABLE CHANGE COLUMN don't support change column 'StructField(b,StringType,true,{})' to 'StructField(b,IntegerType,true,{})';


-- !query 11
DESC test_change
-- !query 11 schema
struct<col_name:string,data_type:string,comment:string>
-- !query 11 output
a                   	int                 	                    
b                   	string              	                    
c                   	int


-- !query 12
ALTER VIEW test_view CHANGE a a String
-- !query 12 schema
struct<>
-- !query 12 output
org.apache.spark.sql.AnalysisException
ALTER TABLE CHANGE COLUMN don't support change column 'StructField(a,IntegerType,true,{})' to 'StructField(a,StringType,true,{})';


-- !query 13
DESC test_view
-- !query 13 schema
struct<col_name:string,data_type:string,comment:string>
-- !query 13 output
a                   	int                 	                    
b                   	string              	                    
c                   	int


-- !query 14
ALTER TABLE test_change CHANGE a a Int AFTER b
-- !query 14 schema
struct<>
-- !query 14 output
org.apache.spark.sql.catalyst.parser.ParseException

Specifying column position in ALTER TABLE CHANGE COLUMN is not supported yet.
== SQL ==
ALTER TABLE test_change CHANGE a a Int AFTER b


-- !query 15
ALTER TABLE test_change CHANGE b b String FIRST, c c Int AFTER b
-- !query 15 schema
struct<>
-- !query 15 output
org.apache.spark.sql.catalyst.parser.ParseException

Specifying column position in ALTER TABLE CHANGE COLUMN is not supported yet.
== SQL ==
ALTER TABLE test_change CHANGE b b String FIRST, c c Int AFTER b


-- !query 16
DESC test_change
-- !query 16 schema
struct<col_name:string,data_type:string,comment:string>
-- !query 16 output
a                   	int                 	                    
b                   	string              	                    
c                   	int


-- !query 17
ALTER VIEW test_view CHANGE c c Int FIRST
-- !query 17 schema
struct<>
-- !query 17 output
org.apache.spark.sql.catalyst.parser.ParseException

Specifying column position in ALTER TABLE CHANGE COLUMN is not supported yet.
== SQL ==
ALTER VIEW test_view CHANGE c c Int FIRST


-- !query 18
DESC test_view
-- !query 18 schema
struct<col_name:string,data_type:string,comment:string>
-- !query 18 output
a                   	int                 	                    
b                   	string              	                    
c                   	int


-- !query 19
ALTER TABLE test_change CHANGE a a Int COMMENT 'this is column a'
-- !query 19 schema
struct<>
-- !query 19 output



-- !query 20
ALTER TABLE test_change CHANGE b b String COMMENT '#*02?`', c c Int COMMENT ''
-- !query 20 schema
struct<>
-- !query 20 output



-- !query 21
DESC test_change
-- !query 21 schema
struct<col_name:string,data_type:string,comment:string>
-- !query 21 output
a                   	int                 	this is column a    
b                   	string              	#*02?`              
c                   	int


-- !query 22
ALTER VIEW test_view CHANGE a a Int COMMENT 'this is column a'
-- !query 22 schema
struct<>
-- !query 22 output



-- !query 23
DESC test_view
-- !query 23 schema
struct<col_name:string,data_type:string,comment:string>
-- !query 23 output
a                   	int                 	this is column a    
b                   	string              	                    
c                   	int


-- !query 24
ALTER TABLE test_change CHANGE a a1 String COMMENT 'this is column a1' AFTER b
-- !query 24 schema
struct<>
-- !query 24 output
org.apache.spark.sql.catalyst.parser.ParseException

Specifying column position in ALTER TABLE CHANGE COLUMN is not supported yet.
== SQL ==
ALTER TABLE test_change CHANGE a a1 String COMMENT 'this is column a1' AFTER b


-- !query 25
DESC test_change
-- !query 25 schema
struct<col_name:string,data_type:string,comment:string>
-- !query 25 output
a                   	int                 	this is column a    
b                   	string              	#*02?`              
c                   	int


-- !query 26
ALTER VIEW test_view CHANGE a a1 String COMMENT 'this is column a1' AFTER b
-- !query 26 schema
struct<>
-- !query 26 output
org.apache.spark.sql.catalyst.parser.ParseException

Specifying column position in ALTER TABLE CHANGE COLUMN is not supported yet.
== SQL ==
ALTER VIEW test_view CHANGE a a1 String COMMENT 'this is column a1' AFTER b


-- !query 27
DESC test_view
-- !query 27 schema
struct<col_name:string,data_type:string,comment:string>
-- !query 27 output
a                   	int                 	this is column a    
b                   	string              	                    
c                   	int


-- !query 28
CREATE TEMPORARY VIEW temp_view(a, b) AS SELECT 1, "one"
-- !query 28 schema
struct<>
-- !query 28 output



-- !query 29
ALTER VIEW temp_view CHANGE a a Int COMMENT 'this is column a'
-- !query 29 schema
struct<>
-- !query 29 output
org.apache.spark.sql.AnalysisException
ALTER TABLE CHANGE COLUMN can't apply to a temporary view `temp_view`.;


-- !query 30
CREATE GLOBAL TEMPORARY VIEW global_temp_view(a, b) AS SELECT 1, "one"
-- !query 30 schema
struct<>
-- !query 30 output



-- !query 31
ALTER VIEW global_temp.global_temp_view CHANGE a a Int COMMENT 'this is column a'
-- !query 31 schema
struct<>
-- !query 31 output
org.apache.spark.sql.AnalysisException
ALTER TABLE CHANGE COLUMN can't apply to a temporary view `global_temp`.`global_temp_view`.;


-- !query 32
DROP TABLE test_change
-- !query 32 schema
struct<>
-- !query 32 output



-- !query 33
DROP VIEW test_view
-- !query 33 schema
struct<>
-- !query 33 output

