-- Automatically generated by SQLQueryTestSuite
-- Number of queries: 5


-- !query 0
select to_csv(named_struct('a', 1, 'b', 2))
-- !query 0 schema
struct<structstocsv(named_struct(a, 1, b, 2)):string>
-- !query 0 output
1,2


-- !query 1
select to_csv(named_struct('time', to_timestamp('2015-08-26', 'yyyy-MM-dd')), map('timestampFormat', 'dd/MM/yyyy'))
-- !query 1 schema
struct<structstocsv(named_struct(time, to_timestamp('2015-08-26', 'yyyy-MM-dd'))):string>
-- !query 1 output
26/08/2015


-- !query 2
select to_csv(named_struct('a', 1, 'b', 2), named_struct('mode', 'PERMISSIVE'))
-- !query 2 schema
struct<>
-- !query 2 output
org.apache.spark.sql.AnalysisException
Must use a map() function for options;; line 1 pos 7


-- !query 3
select to_csv(named_struct('a', 1, 'b', 2), map('mode', 1))
-- !query 3 schema
struct<>
-- !query 3 output
org.apache.spark.sql.AnalysisException
A type of keys and values in map() must be string, but got map<string,int>;; line 1 pos 7


-- !query 4
select to_csv()
-- !query 4 schema
struct<>
-- !query 4 output
org.apache.spark.sql.AnalysisException
Invalid number of arguments for function to_csv. Expected: one of 1 and 2; Found: 0; line 1 pos 7
