-- Automatically generated by SQLQueryTestSuite
-- Number of queries: 44


-- !query 0
CREATE OR REPLACE TEMPORARY VIEW testData AS SELECT * FROM VALUES
(1, 1), (1, 2), (2, 1), (2, 2), (3, 1), (3, 2), (null, 1), (3, null), (null, null)
AS testData(a, b)
-- !query 0 schema
struct<>
-- !query 0 output



-- !query 1
CREATE TEMPORARY VIEW EMP AS SELECT * FROM VALUES
  (100, "emp 1", date "2005-01-01", 100.00D, 10),
  (100, "emp 1", date "2005-01-01", 100.00D, 10),
  (200, "emp 2", date "2003-01-01", 200.00D, 10),
  (300, "emp 3", date "2002-01-01", 300.00D, 20),
  (400, "emp 4", date "2005-01-01", 400.00D, 30),
  (500, "emp 5", date "2001-01-01", 400.00D, NULL),
  (600, "emp 6 - no dept", date "2001-01-01", 400.00D, 100),
  (700, "emp 7", date "2010-01-01", 400.00D, 100),
  (800, "emp 8", date "2016-01-01", 150.00D, 70)
AS EMP(id, emp_name, hiredate, salary, dept_id)
-- !query 1 schema
struct<>
-- !query 1 output



-- !query 2
CREATE TEMPORARY VIEW DEPT AS SELECT * FROM VALUES
  (10, "dept 1", "CA"),
  (20, "dept 2", "NY"),
  (30, "dept 3", "TX"),
  (40, "dept 4 - unassigned", "OR"),
  (50, "dept 5 - unassigned", "NJ"),
  (70, "dept 7", "FL")
AS DEPT(dept_id, dept_name, state)
-- !query 2 schema
struct<>
-- !query 2 output



-- !query 3
SELECT a, COUNT(b) FILTER (WHERE a >= 2) FROM testData
-- !query 3 schema
struct<>
-- !query 3 output
org.apache.spark.sql.AnalysisException
grouping expressions sequence is empty, and 'testdata.`a`' is not an aggregate function. Wrap '(count(testdata.`b`) AS `count(b)`)' in windowing function(s) or wrap 'testdata.`a`' in first() (or first_value) if you don't care which value you get.;


-- !query 4
SELECT COUNT(a) FILTER (WHERE a = 1), COUNT(b) FILTER (WHERE a > 1) FROM testData
-- !query 4 schema
struct<count(a):bigint,count(b):bigint>
-- !query 4 output
2	4


-- !query 5
SELECT COUNT(id) FILTER (WHERE hiredate = date "2001-01-01") FROM emp
-- !query 5 schema
struct<count(id):bigint>
-- !query 5 output
2


-- !query 6
SELECT COUNT(id) FILTER (WHERE hiredate = to_date('2001-01-01 00:00:00')) FROM emp
-- !query 6 schema
struct<count(id):bigint>
-- !query 6 output
2


-- !query 7
SELECT COUNT(id) FILTER (WHERE hiredate = to_timestamp("2001-01-01 00:00:00")) FROM emp
-- !query 7 schema
struct<count(id):bigint>
-- !query 7 output
2


-- !query 8
SELECT a, COUNT(b) FILTER (WHERE a >= 2) FROM testData GROUP BY a
-- !query 8 schema
struct<a:int,count(b):bigint>
-- !query 8 output
1	0
2	2
3	2
NULL	0


-- !query 9
SELECT a, COUNT(b) FILTER (WHERE a != 2) FROM testData GROUP BY b
-- !query 9 schema
struct<>
-- !query 9 output
org.apache.spark.sql.AnalysisException
expression 'testdata.`a`' is neither present in the group by, nor is it an aggregate function. Add to group by or wrap in first() (or first_value) if you don't care which value you get.;


-- !query 10
SELECT COUNT(a) FILTER (WHERE a >= 0), COUNT(b) FILTER (WHERE a >= 3) FROM testData GROUP BY a
-- !query 10 schema
struct<count(a):bigint,count(b):bigint>
-- !query 10 output
0	0
2	0
2	0
3	2


-- !query 11
SELECT dept_id, SUM(salary) FILTER (WHERE hiredate > date "2003-01-01") FROM emp GROUP BY dept_id
-- !query 11 schema
struct<dept_id:int,sum(salary):double>
-- !query 11 output
10	200.0
100	400.0
20	NULL
30	400.0
70	150.0
NULL	NULL


-- !query 12
SELECT dept_id, SUM(salary) FILTER (WHERE hiredate > to_date("2003-01-01")) FROM emp GROUP BY dept_id
-- !query 12 schema
struct<dept_id:int,sum(salary):double>
-- !query 12 output
10	200.0
100	400.0
20	NULL
30	400.0
70	150.0
NULL	NULL


-- !query 13
SELECT dept_id, SUM(salary) FILTER (WHERE hiredate > to_timestamp("2003-01-01 00:00:00")) FROM emp GROUP BY dept_id
-- !query 13 schema
struct<dept_id:int,sum(salary):double>
-- !query 13 output
10	200.0
100	400.0
20	NULL
30	400.0
70	150.0
NULL	NULL


-- !query 14
SELECT 'foo', COUNT(a) FILTER (WHERE b <= 2) FROM testData GROUP BY 1
-- !query 14 schema
struct<foo:string,count(a):bigint>
-- !query 14 output
foo	6


-- !query 15
SELECT 'foo', SUM(salary) FILTER (WHERE hiredate >= date "2003-01-01") FROM emp GROUP BY 1
-- !query 15 schema
struct<foo:string,sum(salary):double>
-- !query 15 output
foo	1350.0


-- !query 16
SELECT 'foo', SUM(salary) FILTER (WHERE hiredate >= to_date("2003-01-01")) FROM emp GROUP BY 1
-- !query 16 schema
struct<foo:string,sum(salary):double>
-- !query 16 output
foo	1350.0


-- !query 17
SELECT 'foo', SUM(salary) FILTER (WHERE hiredate >= to_timestamp("2003-01-01")) FROM emp GROUP BY 1
-- !query 17 schema
struct<foo:string,sum(salary):double>
-- !query 17 output
foo	1350.0


-- !query 18
SELECT 'foo', APPROX_COUNT_DISTINCT(a) FILTER (WHERE b >= 0) FROM testData WHERE a = 0 GROUP BY 1
-- !query 18 schema
struct<foo:string,approx_count_distinct(a):bigint>
-- !query 18 output



-- !query 19
SELECT 'foo', MAX(STRUCT(a)) FILTER (WHERE b >= 1) FROM testData WHERE a = 0 GROUP BY 1
-- !query 19 schema
struct<foo:string,max(named_struct(a, a)):struct<a:int>>
-- !query 19 output



-- !query 20
SELECT a + b, COUNT(b) FILTER (WHERE b >= 2) FROM testData GROUP BY a + b
-- !query 20 schema
struct<(a + b):int,count(b):bigint>
-- !query 20 output
2	0
3	1
4	1
5	1
NULL	0


-- !query 21
SELECT a + 2, COUNT(b) FILTER (WHERE b IN (1, 2)) FROM testData GROUP BY a + 1
-- !query 21 schema
struct<>
-- !query 21 output
org.apache.spark.sql.AnalysisException
expression 'testdata.`a`' is neither present in the group by, nor is it an aggregate function. Add to group by or wrap in first() (or first_value) if you don't care which value you get.;


-- !query 22
SELECT a + 1 + 1, COUNT(b) FILTER (WHERE b > 0) FROM testData GROUP BY a + 1
-- !query 22 schema
struct<((a + 1) + 1):int,count(b):bigint>
-- !query 22 output
3	2
4	2
5	2
NULL	1


-- !query 23
SELECT COUNT(DISTINCT b) FILTER (WHERE b > 0), COUNT(DISTINCT b, c) FILTER (WHERE b > 0 AND c > 2)
FROM (SELECT 1 AS a, 2 AS b, 3 AS c) GROUP BY a
-- !query 23 schema
struct<count(DISTINCT b):bigint,count(DISTINCT b, c):bigint>
-- !query 23 output
1	1


-- !query 24
SELECT a AS k, COUNT(b) FILTER (WHERE b = 1 OR b = 2) FROM testData GROUP BY k
-- !query 24 schema
struct<k:int,count(b):bigint>
-- !query 24 output
1	2
2	2
3	2
NULL	1


-- !query 25
SELECT dept_id as k,
       SUM(salary) FILTER (WHERE hiredate < date "2005-01-01" OR hiredate > date "2010-01-01")
FROM emp GROUP BY k
-- !query 25 schema
struct<k:int,sum(salary):double>
-- !query 25 output
10	200.0
100	400.0
20	300.0
30	NULL
70	150.0
NULL	400.0


-- !query 26
SELECT dept_id as k,
       SUM(salary) FILTER (WHERE hiredate < to_date("2005-01-01") OR hiredate > to_date("2010-01-01"))
FROM emp GROUP BY k
-- !query 26 schema
struct<k:int,sum(salary):double>
-- !query 26 output
10	200.0
100	400.0
20	300.0
30	NULL
70	150.0
NULL	400.0


-- !query 27
SELECT dept_id as k,
       SUM(salary) FILTER (WHERE hiredate < to_timestamp("2005-01-01") OR hiredate > to_timestamp("2010-01-01 00:00:00"))
FROM emp GROUP BY k
-- !query 27 schema
struct<k:int,sum(salary):double>
-- !query 27 output
10	200.0
100	400.0
20	300.0
30	NULL
70	150.0
NULL	400.0


-- !query 28
SELECT a AS k, COUNT(b) FILTER (WHERE NOT b < 0) FROM testData GROUP BY k HAVING k > 1
-- !query 28 schema
struct<k:int,count(b):bigint>
-- !query 28 output
2	2
3	2


-- !query 29
SELECT dept_id AS k, AVG(salary) FILTER (WHERE NOT hiredate <= date "2005-01-01")
FROM emp GROUP BY k HAVING k < 70
-- !query 29 schema
struct<k:int,avg(salary):double>
-- !query 29 output
10	NULL
20	NULL
30	NULL


-- !query 30
SELECT a AS k, COUNT(b) FILTER (WHERE NOT b < 0) FROM testData GROUP BY k HAVING k > 1
-- !query 30 schema
struct<k:int,count(b):bigint>
-- !query 30 output
2	2
3	2


-- !query 31
SELECT dept_id AS k, AVG(salary) FILTER (WHERE NOT hiredate <= to_date("2005-01-01"))
FROM emp GROUP BY k HAVING k < 70
-- !query 31 schema
struct<k:int,avg(salary):double>
-- !query 31 output
10	NULL
20	NULL
30	NULL


-- !query 32
SELECT a AS k, COUNT(b) FILTER (WHERE NOT b < 0) FROM testData GROUP BY k HAVING k > 1
-- !query 32 schema
struct<k:int,count(b):bigint>
-- !query 32 output
2	2
3	2


-- !query 33
SELECT dept_id AS k, AVG(salary) FILTER (WHERE NOT hiredate <= to_timestamp("2005-01-01 00:00:00"))
FROM emp GROUP BY k HAVING k < 70
-- !query 33 schema
struct<k:int,avg(salary):double>
-- !query 33 output
10	NULL
20	NULL
30	NULL


-- !query 34
SELECT COUNT(b) FILTER (WHERE a > 0) AS k FROM testData GROUP BY k
-- !query 34 schema
struct<>
-- !query 34 output
org.apache.spark.sql.AnalysisException
aggregate functions are not allowed in GROUP BY, but found count(testdata.`b`);


-- !query 35
SELECT a AS k, COUNT(b) FILTER (WHERE b > 0) FROM testData GROUP BY k
-- !query 35 schema
struct<k:int,count(b):bigint>
-- !query 35 output
1	2
2	2
3	2
NULL	1


-- !query 36
SELECT a, COUNT(1) FILTER (WHERE b > 1) FROM testData WHERE false GROUP BY a
-- !query 36 schema
struct<a:int,count(1):bigint>
-- !query 36 output



-- !query 37
SELECT COUNT(1) FILTER (WHERE b = 2) FROM testData WHERE false
-- !query 37 schema
struct<count(1):bigint>
-- !query 37 output
0


-- !query 38
SELECT 1 FROM (SELECT COUNT(1) FILTER (WHERE a >= 3 OR b <= 1) FROM testData WHERE false) t
-- !query 38 schema
struct<1:int>
-- !query 38 output
1


-- !query 39
SELECT emp.dept_id,
       avg(salary),
       avg(salary) FILTER (WHERE EXISTS (SELECT state
               FROM dept
               WHERE dept.dept_id = emp.dept_id))
FROM emp
GROUP BY dept_id
-- !query 39 schema
struct<>
-- !query 39 output
org.apache.spark.sql.AnalysisException
IN/EXISTS predicate sub-queries can only be used in Filter/Join and a few commands: Aggregate [dept_id#x], [dept_id#x, avg(salary#x) AS avg(salary)#x, avg(salary#x) AS avg(salary)#x]
:  +- Project [state#x]
:     +- Filter (dept_id#x = outer(dept_id#x))
:        +- SubqueryAlias `dept`
:           +- Project [dept_id#x, dept_name#x, state#x]
:              +- SubqueryAlias `DEPT`
:                 +- LocalRelation [dept_id#x, dept_name#x, state#x]
+- SubqueryAlias `emp`
   +- Project [id#x, emp_name#x, hiredate#x, salary#x, dept_id#x]
      +- SubqueryAlias `EMP`
         +- LocalRelation [id#x, emp_name#x, hiredate#x, salary#x, dept_id#x]
;


-- !query 40
SELECT emp.dept_id, 
       Sum(salary),
       Sum(salary) FILTER (WHERE  NOT EXISTS (SELECT state 
                   FROM dept 
                   WHERE dept.dept_id = emp.dept_id))
FROM emp 
GROUP BY dept_id
-- !query 40 schema
struct<>
-- !query 40 output
org.apache.spark.sql.AnalysisException
IN/EXISTS predicate sub-queries can only be used in Filter/Join and a few commands: Aggregate [dept_id#x], [dept_id#x, sum(salary#x) AS sum(salary)#x, sum(salary#x) AS sum(salary)#x]
:  +- Project [state#x]
:     +- Filter (dept_id#x = outer(dept_id#x))
:        +- SubqueryAlias `dept`
:           +- Project [dept_id#x, dept_name#x, state#x]
:              +- SubqueryAlias `DEPT`
:                 +- LocalRelation [dept_id#x, dept_name#x, state#x]
+- SubqueryAlias `emp`
   +- Project [id#x, emp_name#x, hiredate#x, salary#x, dept_id#x]
      +- SubqueryAlias `EMP`
         +- LocalRelation [id#x, emp_name#x, hiredate#x, salary#x, dept_id#x]
;


-- !query 41
SELECT emp.dept_id, 
       avg(salary),
       avg(salary) FILTER (WHERE emp.dept_id IN (SELECT DISTINCT dept_id
               FROM dept))
FROM emp 
GROUP BY dept_id
-- !query 41 schema
struct<>
-- !query 41 output
org.apache.spark.sql.AnalysisException
IN/EXISTS predicate sub-queries can only be used in Filter/Join and a few commands: Aggregate [dept_id#x], [dept_id#x, avg(salary#x) AS avg(salary)#x, avg(salary#x) AS avg(salary)#x]
:  +- Distinct
:     +- Project [dept_id#x]
:        +- SubqueryAlias `dept`
:           +- Project [dept_id#x, dept_name#x, state#x]
:              +- SubqueryAlias `DEPT`
:                 +- LocalRelation [dept_id#x, dept_name#x, state#x]
+- SubqueryAlias `emp`
   +- Project [id#x, emp_name#x, hiredate#x, salary#x, dept_id#x]
      +- SubqueryAlias `EMP`
         +- LocalRelation [id#x, emp_name#x, hiredate#x, salary#x, dept_id#x]
;


-- !query 42
SELECT emp.dept_id, 
       Sum(salary),
       Sum(salary) FILTER (WHERE emp.dept_id NOT IN (SELECT DISTINCT dept_id
               FROM dept))
FROM emp 
GROUP BY dept_id
-- !query 42 schema
struct<>
-- !query 42 output
org.apache.spark.sql.AnalysisException
IN/EXISTS predicate sub-queries can only be used in Filter/Join and a few commands: Aggregate [dept_id#x], [dept_id#x, sum(salary#x) AS sum(salary)#x, sum(salary#x) AS sum(salary)#x]
:  +- Distinct
:     +- Project [dept_id#x]
:        +- SubqueryAlias `dept`
:           +- Project [dept_id#x, dept_name#x, state#x]
:              +- SubqueryAlias `DEPT`
:                 +- LocalRelation [dept_id#x, dept_name#x, state#x]
+- SubqueryAlias `emp`
   +- Project [id#x, emp_name#x, hiredate#x, salary#x, dept_id#x]
      +- SubqueryAlias `EMP`
         +- LocalRelation [id#x, emp_name#x, hiredate#x, salary#x, dept_id#x]
;


-- !query 43
SELECT t1.b FROM (SELECT COUNT(b) FILTER (WHERE a >= 2) AS b FROM testData) t1
-- !query 43 schema
struct<b:bigint>
-- !query 43 output
4
