-- Automatically generated by SQLQueryTestSuite
-- Number of queries: 5


-- !query
CREATE TEMPORARY VIEW empty_table as
    SELECT col1, col2 FROM values (0, "str") as tab(col1, col2) WHERE false
-- !query schema
struct<>
-- !query output



-- !query
select first(col1), first(col2) from empty_table
-- !query schema
struct<first(col1):int,first(col2):string>
-- !query output
NULL	NULL


-- !query
select first(col1) from empty_table
-- !query schema
struct<first(col1):int>
-- !query output
NULL


-- !query
select first(col1) ignore nulls from empty_table
-- !query schema
struct<first(col1):int>
-- !query output
NULL


-- !query
select first(col1), first(col2) ignore nulls from empty_table
-- !query schema
struct<first(col1):int,first(col2):string>
-- !query output
NULL	NULL
