-- Automatically generated by SQLQueryTestSuite
-- Number of queries: 36


-- !query
SELECT regexp_extract('1a 2b 14m', '\\d+')
-- !query schema
struct<>
-- !query output
java.lang.IllegalArgumentException
Regex group count is 0, but the specified group index is 1


-- !query
SELECT regexp_extract('1a 2b 14m', '\\d+', 0)
-- !query schema
struct<regexp_extract(1a 2b 14m, \d+, 0):string>
-- !query output
1


-- !query
SELECT regexp_extract('1a 2b 14m', '\\d+', 1)
-- !query schema
struct<>
-- !query output
java.lang.IllegalArgumentException
Regex group count is 0, but the specified group index is 1


-- !query
SELECT regexp_extract('1a 2b 14m', '\\d+', 2)
-- !query schema
struct<>
-- !query output
java.lang.IllegalArgumentException
Regex group count is 0, but the specified group index is 2


-- !query
SELECT regexp_extract('1a 2b 14m', '\\d+', -1)
-- !query schema
struct<>
-- !query output
java.lang.IllegalArgumentException
The specified group index cannot be less than zero


-- !query
SELECT regexp_extract('1a 2b 14m', '(\\d+)?', 1)
-- !query schema
struct<regexp_extract(1a 2b 14m, (\d+)?, 1):string>
-- !query output
1


-- !query
SELECT regexp_extract('a b m', '(\\d+)?', 1)
-- !query schema
struct<regexp_extract(a b m, (\d+)?, 1):string>
-- !query output



-- !query
SELECT regexp_extract('1a 2b 14m', '(\\d+)([a-z]+)')
-- !query schema
struct<regexp_extract(1a 2b 14m, (\d+)([a-z]+), 1):string>
-- !query output
1


-- !query
SELECT regexp_extract('1a 2b 14m', '(\\d+)([a-z]+)', 0)
-- !query schema
struct<regexp_extract(1a 2b 14m, (\d+)([a-z]+), 0):string>
-- !query output
1a


-- !query
SELECT regexp_extract('1a 2b 14m', '(\\d+)([a-z]+)', 1)
-- !query schema
struct<regexp_extract(1a 2b 14m, (\d+)([a-z]+), 1):string>
-- !query output
1


-- !query
SELECT regexp_extract('1a 2b 14m', '(\\d+)([a-z]+)', 2)
-- !query schema
struct<regexp_extract(1a 2b 14m, (\d+)([a-z]+), 2):string>
-- !query output
a


-- !query
SELECT regexp_extract('1a 2b 14m', '(\\d+)([a-z]+)', 3)
-- !query schema
struct<>
-- !query output
java.lang.IllegalArgumentException
Regex group count is 2, but the specified group index is 3


-- !query
SELECT regexp_extract('1a 2b 14m', '(\\d+)([a-z]+)', -1)
-- !query schema
struct<>
-- !query output
java.lang.IllegalArgumentException
The specified group index cannot be less than zero


-- !query
SELECT regexp_extract('1a 2b 14m', '(\\d+)?([a-z]+)', 1)
-- !query schema
struct<regexp_extract(1a 2b 14m, (\d+)?([a-z]+), 1):string>
-- !query output
1


-- !query
SELECT regexp_extract('a b m', '(\\d+)?([a-z]+)', 1)
-- !query schema
struct<regexp_extract(a b m, (\d+)?([a-z]+), 1):string>
-- !query output



-- !query
SELECT regexp_extract_all('1a 2b 14m', '\\d+')
-- !query schema
struct<>
-- !query output
java.lang.IllegalArgumentException
Regex group count is 0, but the specified group index is 1


-- !query
SELECT regexp_extract_all('1a 2b 14m', '\\d+', 0)
-- !query schema
struct<regexp_extract_all(1a 2b 14m, \d+, 0):array<string>>
-- !query output
["1","2","14"]


-- !query
SELECT regexp_extract_all('1a 2b 14m', '\\d+', 1)
-- !query schema
struct<>
-- !query output
java.lang.IllegalArgumentException
Regex group count is 0, but the specified group index is 1


-- !query
SELECT regexp_extract_all('1a 2b 14m', '\\d+', 2)
-- !query schema
struct<>
-- !query output
java.lang.IllegalArgumentException
Regex group count is 0, but the specified group index is 2


-- !query
SELECT regexp_extract_all('1a 2b 14m', '\\d+', -1)
-- !query schema
struct<>
-- !query output
java.lang.IllegalArgumentException
The specified group index cannot be less than zero


-- !query
SELECT regexp_extract_all('1a 2b 14m', '(\\d+)?', 1)
-- !query schema
struct<regexp_extract_all(1a 2b 14m, (\d+)?, 1):array<string>>
-- !query output
["1","","","2","","","14","",""]


-- !query
SELECT regexp_extract_all('a 2b 14m', '(\\d+)?', 1)
-- !query schema
struct<regexp_extract_all(a 2b 14m, (\d+)?, 1):array<string>>
-- !query output
["","","2","","","14","",""]


-- !query
SELECT regexp_extract_all('1a 2b 14m', '(\\d+)([a-z]+)')
-- !query schema
struct<regexp_extract_all(1a 2b 14m, (\d+)([a-z]+), 1):array<string>>
-- !query output
["1","2","14"]


-- !query
SELECT regexp_extract_all('1a 2b 14m', '(\\d+)([a-z]+)', 0)
-- !query schema
struct<regexp_extract_all(1a 2b 14m, (\d+)([a-z]+), 0):array<string>>
-- !query output
["1a","2b","14m"]


-- !query
SELECT regexp_extract_all('1a 2b 14m', '(\\d+)([a-z]+)', 1)
-- !query schema
struct<regexp_extract_all(1a 2b 14m, (\d+)([a-z]+), 1):array<string>>
-- !query output
["1","2","14"]


-- !query
SELECT regexp_extract_all('1a 2b 14m', '(\\d+)([a-z]+)', 2)
-- !query schema
struct<regexp_extract_all(1a 2b 14m, (\d+)([a-z]+), 2):array<string>>
-- !query output
["a","b","m"]


-- !query
SELECT regexp_extract_all('1a 2b 14m', '(\\d+)([a-z]+)', 3)
-- !query schema
struct<>
-- !query output
java.lang.IllegalArgumentException
Regex group count is 2, but the specified group index is 3


-- !query
SELECT regexp_extract_all('1a 2b 14m', '(\\d+)([a-z]+)', -1)
-- !query schema
struct<>
-- !query output
java.lang.IllegalArgumentException
The specified group index cannot be less than zero


-- !query
SELECT regexp_extract_all('1a 2b 14m', '(\\d+)?([a-z]+)', 1)
-- !query schema
struct<regexp_extract_all(1a 2b 14m, (\d+)?([a-z]+), 1):array<string>>
-- !query output
["1","2","14"]


-- !query
SELECT regexp_extract_all('a 2b 14m', '(\\d+)?([a-z]+)', 1)
-- !query schema
struct<regexp_extract_all(a 2b 14m, (\d+)?([a-z]+), 1):array<string>>
-- !query output
["","2","14"]


-- !query
SELECT like_all('foo', '%foo%', '%oo')
-- !query schema
struct<likeall(foo, %foo%, %oo):boolean>
-- !query output
true


-- !query
SELECT like_all('foo', '%foo%', '%bar%')
-- !query schema
struct<likeall(foo, %foo%, %bar%):boolean>
-- !query output
false


-- !query
SELECT like_all('foo', '%foo%', null)
-- !query schema
struct<likeall(foo, %foo%, NULL):boolean>
-- !query output
NULL


-- !query
SELECT not_like_all('foo', 'tee', '%yoo%')
-- !query schema
struct<notlikeall(foo, tee, %yoo%):boolean>
-- !query output
true


-- !query
SELECT not_like_all('foo', '%oo%', '%yoo%')
-- !query schema
struct<notlikeall(foo, %oo%, %yoo%):boolean>
-- !query output
false


-- !query
SELECT not_like_all('foo', '%yoo%', null)
-- !query schema
struct<notlikeall(foo, %yoo%, NULL):boolean>
-- !query output
NULL