-- Automatically generated by SQLQueryTestSuite
-- Number of queries: 3


-- !query 0
CREATE OR REPLACE TEMPORARY VIEW p AS VALUES (1, 1) AS T(pk, pv)
-- !query 0 schema
struct<>
-- !query 0 output



-- !query 1
CREATE OR REPLACE TEMPORARY VIEW c AS VALUES (1, 1) AS T(ck, cv)
-- !query 1 schema
struct<>
-- !query 1 output



-- !query 2
SELECT pk, cv
FROM   p, c
WHERE  p.pk = c.ck
AND    c.cv = (SELECT avg(c1.cv)
               FROM   c c1
               WHERE  c1.ck = p.pk)
-- !query 2 schema
struct<pk:int,cv:int>
-- !query 2 output
1	1
