-- Automatically generated by SQLQueryTestSuite
-- Number of queries: 3


-- !query 0
set spark.abc
-- !query 0 schema
struct<key:string,value:string>
-- !query 0 output
spark.abc	<undefined>


-- !query 1
set spark.abc=efg
-- !query 1 schema
struct<key:string,value:string>
-- !query 1 output
spark.abc	efg


-- !query 2
set spark.abc
-- !query 2 schema
struct<key:string,value:string>
-- !query 2 output
spark.abc	efg
