-- Automatically generated by SQLQueryTestSuite
-- Number of queries: 6


-- !query
SELECT try_sum(col) FROM VALUES (5), (10), (15) AS tab(col)
-- !query schema
struct<try_sum(col):bigint>
-- !query output
30


-- !query
SELECT try_sum(col) FROM VALUES (5.0), (10.0), (15.0) AS tab(col)
-- !query schema
struct<try_sum(col):decimal(13,1)>
-- !query output
30.0


-- !query
SELECT try_sum(col) FROM VALUES (NULL), (10), (15) AS tab(col)
-- !query schema
struct<try_sum(col):bigint>
-- !query output
25


-- !query
SELECT try_sum(col) FROM VALUES (NULL), (NULL) AS tab(col)
-- !query schema
struct<try_sum(col):double>
-- !query output
NULL


-- !query
SELECT try_sum(col) FROM VALUES (9223372036854775807L), (1L) AS tab(col)
-- !query schema
struct<try_sum(col):bigint>
-- !query output
NULL


-- !query
SELECT try_sum(col) FROM VALUES (98765432109876543210987654321098765432BD), (98765432109876543210987654321098765432BD) AS tab(col)
-- !query schema
struct<try_sum(col):decimal(38,0)>
-- !query output
NULL
