-- Automatically generated by SQLQueryTestSuite
-- !query
SELECT '1.23' :: int
-- !query analysis
Project [cast(1.23 as int) AS 1.23#x]
+- OneRowRelation


-- !query
SELECT '1.23' :: long
-- !query analysis
Project [cast(1.23 as bigint) AS 1.23#xL]
+- OneRowRelation


-- !query
SELECT '-4.56' :: int
-- !query analysis
Project [cast(-4.56 as int) AS -4.56#x]
+- OneRowRelation


-- !query
SELECT '-4.56' :: long
-- !query analysis
Project [cast(-4.56 as bigint) AS -4.56#xL]
+- OneRowRelation


-- !query
SELECT 'abc' :: int
-- !query analysis
Project [cast(abc as int) AS abc#x]
+- OneRowRelation


-- !query
SELECT 'abc' :: long
-- !query analysis
Project [cast(abc as bigint) AS abc#xL]
+- OneRowRelation


-- !query
SELECT 'abc' :: float
-- !query analysis
Project [cast(abc as float) AS abc#x]
+- OneRowRelation


-- !query
SELECT 'abc' :: double
-- !query analysis
Project [cast(abc as double) AS abc#x]
+- OneRowRelation


-- !query
SELECT '1234567890123' :: int
-- !query analysis
Project [cast(1234567890123 as int) AS 1234567890123#x]
+- OneRowRelation


-- !query
SELECT '12345678901234567890123' :: long
-- !query analysis
Project [cast(12345678901234567890123 as bigint) AS 12345678901234567890123#xL]
+- OneRowRelation


-- !query
SELECT '' :: int
-- !query analysis
Project [cast( as int) AS #x]
+- OneRowRelation


-- !query
SELECT '' :: long
-- !query analysis
Project [cast( as bigint) AS #xL]
+- OneRowRelation


-- !query
SELECT '' :: float
-- !query analysis
Project [cast( as float) AS #x]
+- OneRowRelation


-- !query
SELECT '' :: double
-- !query analysis
Project [cast( as double) AS #x]
+- OneRowRelation


-- !query
SELECT NULL :: int
-- !query analysis
Project [cast(null as int) AS NULL#x]
+- OneRowRelation


-- !query
SELECT NULL :: long
-- !query analysis
Project [cast(null as bigint) AS NULL#xL]
+- OneRowRelation


-- !query
SELECT '123.a' :: int
-- !query analysis
Project [cast(123.a as int) AS 123.a#x]
+- OneRowRelation


-- !query
SELECT '123.a' :: long
-- !query analysis
Project [cast(123.a as bigint) AS 123.a#xL]
+- OneRowRelation


-- !query
SELECT '123.a' :: float
-- !query analysis
Project [cast(123.a as float) AS 123.a#x]
+- OneRowRelation


-- !query
SELECT '123.a' :: double
-- !query analysis
Project [cast(123.a as double) AS 123.a#x]
+- OneRowRelation


-- !query
SELECT '-2147483648' :: int
-- !query analysis
Project [cast(-2147483648 as int) AS -2147483648#x]
+- OneRowRelation


-- !query
SELECT '-2147483649' :: int
-- !query analysis
Project [cast(-2147483649 as int) AS -2147483649#x]
+- OneRowRelation


-- !query
SELECT '2147483647' :: int
-- !query analysis
Project [cast(2147483647 as int) AS 2147483647#x]
+- OneRowRelation


-- !query
SELECT '2147483648' :: int
-- !query analysis
Project [cast(2147483648 as int) AS 2147483648#x]
+- OneRowRelation


-- !query
SELECT '-9223372036854775808' :: long
-- !query analysis
Project [cast(-9223372036854775808 as bigint) AS -9223372036854775808#xL]
+- OneRowRelation


-- !query
SELECT '-9223372036854775809' :: long
-- !query analysis
Project [cast(-9223372036854775809 as bigint) AS -9223372036854775809#xL]
+- OneRowRelation


-- !query
SELECT '9223372036854775807' :: long
-- !query analysis
Project [cast(9223372036854775807 as bigint) AS 9223372036854775807#xL]
+- OneRowRelation


-- !query
SELECT '9223372036854775808' :: long
-- !query analysis
Project [cast(9223372036854775808 as bigint) AS 9223372036854775808#xL]
+- OneRowRelation


-- !query
SELECT HEX('abc' :: binary)
-- !query analysis
Project [hex(cast(abc as binary)) AS hex(abc)#x]
+- OneRowRelation


-- !query
SELECT HEX((123 :: byte) :: binary)
-- !query analysis
Project [hex(cast(cast(123 as tinyint) as binary)) AS hex(123)#x]
+- OneRowRelation


-- !query
SELECT HEX((-123 :: byte) :: binary)
-- !query analysis
Project [hex(cast(cast(-123 as tinyint) as binary)) AS hex(-123)#x]
+- OneRowRelation


-- !query
SELECT HEX(123S :: binary)
-- !query analysis
Project [hex(cast(123 as binary)) AS hex(123)#x]
+- OneRowRelation


-- !query
SELECT HEX(-123S :: binary)
-- !query analysis
Project [hex(cast(-123 as binary)) AS hex(-123)#x]
+- OneRowRelation


-- !query
SELECT HEX(123 :: binary)
-- !query analysis
Project [hex(cast(123 as binary)) AS hex(123)#x]
+- OneRowRelation


-- !query
SELECT HEX(-123 :: binary)
-- !query analysis
Project [hex(cast(-123 as binary)) AS hex(-123)#x]
+- OneRowRelation


-- !query
SELECT HEX(123L :: binary)
-- !query analysis
Project [hex(cast(123 as binary)) AS hex(123)#x]
+- OneRowRelation


-- !query
SELECT HEX(-123L :: binary)
-- !query analysis
Project [hex(cast(-123 as binary)) AS hex(-123)#x]
+- OneRowRelation


-- !query
DESC FUNCTION boolean
-- !query analysis
DescribeFunctionCommand org.apache.spark.sql.catalyst.expressions.ExpressionInfo@xxxxxxxx, false


-- !query
DESC FUNCTION EXTENDED boolean
-- !query analysis
DescribeFunctionCommand org.apache.spark.sql.catalyst.expressions.ExpressionInfo@xxxxxxxx, true


-- !query
SELECT 'interval 3 month 1 hour' :: interval
-- !query analysis
Project [cast(interval 3 month 1 hour as interval) AS interval 3 month 1 hour#x]
+- OneRowRelation


-- !query
SELECT "interval '3-1' year to month" :: interval year to month
-- !query analysis
Project [cast(interval '3-1' year to month as interval year to month) AS interval '3-1' year to month#x]
+- OneRowRelation


-- !query
SELECT "interval '3 00:00:01' day to second" :: interval day to second
-- !query analysis
Project [cast(interval '3 00:00:01' day to second as interval day to second) AS interval '3 00:00:01' day to second#x]
+- OneRowRelation


-- !query
SELECT interval 3 month 1 hour :: string
-- !query analysis
org.apache.spark.sql.catalyst.parser.ParseException
{
  "errorClass" : "_LEGACY_ERROR_TEMP_0029",
  "messageParameters" : {
    "literal" : "interval 3 month 1 hour"
  },
  "queryContext" : [ {
    "objectType" : "",
    "objectName" : "",
    "startIndex" : 8,
    "stopIndex" : 30,
    "fragment" : "interval 3 month 1 hour"
  } ]
}


-- !query
SELECT interval 3 year 1 month :: string
-- !query analysis
Project [cast(INTERVAL '3-1' YEAR TO MONTH as string) AS INTERVAL '3-1' YEAR TO MONTH#x]
+- OneRowRelation


-- !query
SELECT interval 3 day 1 second :: string
-- !query analysis
Project [cast(INTERVAL '3 00:00:01' DAY TO SECOND as string) AS INTERVAL '3 00:00:01' DAY TO SECOND#x]
+- OneRowRelation


-- !query
select ' 1' :: tinyint
-- !query analysis
Project [cast( 1 as tinyint) AS  1#x]
+- OneRowRelation


-- !query
select ' 1\t' :: tinyint
-- !query analysis
Project [cast( 1	 as tinyint) AS  1	#x]
+- OneRowRelation


-- !query
select ' 1' :: smallint
-- !query analysis
Project [cast( 1 as smallint) AS  1#x]
+- OneRowRelation


-- !query
select ' 1' :: INT
-- !query analysis
Project [cast( 1 as int) AS  1#x]
+- OneRowRelation


-- !query
select ' 1' :: bigint
-- !query analysis
Project [cast( 1 as bigint) AS  1#xL]
+- OneRowRelation


-- !query
select ' 1' :: float
-- !query analysis
Project [cast( 1 as float) AS  1#x]
+- OneRowRelation


-- !query
select ' 1 ' :: DOUBLE
-- !query analysis
Project [cast( 1  as double) AS  1 #x]
+- OneRowRelation


-- !query
select '1.0 ' :: DEC
-- !query analysis
Project [cast(1.0  as decimal(10,0)) AS 1.0 #x]
+- OneRowRelation


-- !query
select '1中文' :: tinyint
-- !query analysis
Project [cast(1中文 as tinyint) AS 1中文#x]
+- OneRowRelation


-- !query
select '1中文' :: smallint
-- !query analysis
Project [cast(1中文 as smallint) AS 1中文#x]
+- OneRowRelation


-- !query
select '1中文' :: INT
-- !query analysis
Project [cast(1中文 as int) AS 1中文#x]
+- OneRowRelation


-- !query
select '中文1' :: bigint
-- !query analysis
Project [cast(中文1 as bigint) AS 中文1#xL]
+- OneRowRelation


-- !query
select '1中文' :: bigint
-- !query analysis
Project [cast(1中文 as bigint) AS 1中文#xL]
+- OneRowRelation


-- !query
select '\t\t true \n\r ' :: boolean
-- !query analysis
Project [cast(		 true 
  as boolean) AS 		 true 
 #x]
+- OneRowRelation


-- !query
select '\t\n false \t\r' :: boolean
-- !query analysis
Project [cast(	
 false 	 as boolean) AS 	
 false 	#x]
+- OneRowRelation


-- !query
select '\t\n xyz \t\r' :: boolean
-- !query analysis
Project [cast(	
 xyz 	 as boolean) AS 	
 xyz 	#x]
+- OneRowRelation


-- !query
select '23.45' :: decimal(4, 2)
-- !query analysis
Project [cast(23.45 as decimal(4,2)) AS 23.45#x]
+- OneRowRelation


-- !query
select '123.45' :: decimal(4, 2)
-- !query analysis
Project [cast(123.45 as decimal(4,2)) AS 123.45#x]
+- OneRowRelation


-- !query
select 'xyz' :: decimal(4, 2)
-- !query analysis
Project [cast(xyz as decimal(4,2)) AS xyz#x]
+- OneRowRelation


-- !query
select '2022-01-01' :: date
-- !query analysis
Project [cast(2022-01-01 as date) AS 2022-01-01#x]
+- OneRowRelation


-- !query
select 'a' :: date
-- !query analysis
Project [cast(a as date) AS a#x]
+- OneRowRelation


-- !query
select '2022-01-01 00:00:00' :: timestamp
-- !query analysis
Project [cast(2022-01-01 00:00:00 as timestamp) AS 2022-01-01 00:00:00#x]
+- OneRowRelation


-- !query
select 'a' :: timestamp
-- !query analysis
Project [cast(a as timestamp) AS a#x]
+- OneRowRelation


-- !query
select '2022-01-01 00:00:00' :: timestamp_ntz
-- !query analysis
Project [cast(2022-01-01 00:00:00 as timestamp_ntz) AS 2022-01-01 00:00:00#x]
+- OneRowRelation


-- !query
select 'a' :: timestamp_ntz
-- !query analysis
Project [cast(a as timestamp_ntz) AS a#x]
+- OneRowRelation


-- !query
select ('inf' :: double) :: timestamp
-- !query analysis
Project [cast(cast(inf as double) as timestamp) AS inf#x]
+- OneRowRelation


-- !query
select ('inf' :: float) :: timestamp
-- !query analysis
Project [cast(cast(inf as float) as timestamp) AS inf#x]
+- OneRowRelation


-- !query
select interval '1' year :: tinyint
-- !query analysis
Project [cast(INTERVAL '1' YEAR as tinyint) AS INTERVAL '1' YEAR#x]
+- OneRowRelation


-- !query
select interval '-10-2' year to month :: smallint
-- !query analysis
Project [cast(INTERVAL '-10-2' YEAR TO MONTH as smallint) AS INTERVAL '-10-2' YEAR TO MONTH#x]
+- OneRowRelation


-- !query
select interval '1000' month :: int
-- !query analysis
Project [cast(INTERVAL '1000' MONTH as int) AS INTERVAL '1000' MONTH#x]
+- OneRowRelation


-- !query
select interval -'10.123456' second :: tinyint
-- !query analysis
Project [cast(INTERVAL '-10.123456' SECOND as tinyint) AS INTERVAL '-10.123456' SECOND#x]
+- OneRowRelation


-- !query
select interval '23:59:59' hour to second :: smallint
-- !query analysis
Project [cast(INTERVAL '23:59:59' HOUR TO SECOND as smallint) AS INTERVAL '23:59:59' HOUR TO SECOND#x]
+- OneRowRelation


-- !query
select interval -'1 02:03:04.123' day to second :: int
-- !query analysis
Project [cast(INTERVAL '-1 02:03:04.123' DAY TO SECOND as int) AS INTERVAL '-1 02:03:04.123' DAY TO SECOND#x]
+- OneRowRelation


-- !query
select interval '10' day :: bigint
-- !query analysis
Project [cast(INTERVAL '10' DAY as bigint) AS INTERVAL '10' DAY#xL]
+- OneRowRelation


-- !query
select interval '-1000' month :: tinyint
-- !query analysis
Project [cast(INTERVAL '-1000' MONTH as tinyint) AS INTERVAL '-1000' MONTH#x]
+- OneRowRelation


-- !query
select interval '1000000' second :: smallint
-- !query analysis
Project [cast(INTERVAL '1000000' SECOND as smallint) AS INTERVAL '1000000' SECOND#x]
+- OneRowRelation


-- !query
select 1Y :: interval year
-- !query analysis
Project [cast(1 as interval year) AS 1#x]
+- OneRowRelation


-- !query
select -122S :: interval year to month
-- !query analysis
Project [cast(-122 as interval year to month) AS -122#x]
+- OneRowRelation


-- !query
select (ym :: interval year to month) from values(-122S) as t(ym)
-- !query analysis
Project [cast(ym#x as interval year to month) AS ym#x]
+- SubqueryAlias t
   +- LocalRelation [ym#x]


-- !query
select 1000 :: interval month
-- !query analysis
Project [cast(1000 as interval month) AS 1000#x]
+- OneRowRelation


-- !query
select -10L :: interval second
-- !query analysis
Project [cast(-10 as interval second) AS -10#x]
+- OneRowRelation


-- !query
select 100Y :: interval hour to second
-- !query analysis
Project [cast(100 as interval hour to second) AS 100#x]
+- OneRowRelation


-- !query
select (dt :: interval hour to second) from values(100Y) as t(dt)
-- !query analysis
Project [cast(dt#x as interval hour to second) AS dt#x]
+- SubqueryAlias t
   +- LocalRelation [dt#x]


-- !query
select -1000S :: interval day to second
-- !query analysis
Project [cast(-1000 as interval day to second) AS -1000#x]
+- OneRowRelation


-- !query
select 10 :: interval day
-- !query analysis
Project [cast(10 as interval day) AS 10#x]
+- OneRowRelation


-- !query
select 2147483647 :: interval year
-- !query analysis
Project [cast(2147483647 as interval year) AS 2147483647#x]
+- OneRowRelation


-- !query
select -9223372036854775808L :: interval day
-- !query analysis
Project [cast(-9223372036854775808 as interval day) AS -9223372036854775808#x]
+- OneRowRelation


-- !query
select interval '-1' year :: decimal(10, 0)
-- !query analysis
Project [cast(INTERVAL '-1' YEAR as decimal(10,0)) AS INTERVAL '-1' YEAR#x]
+- OneRowRelation


-- !query
select interval '1.000001' second :: decimal(10, 6)
-- !query analysis
Project [cast(INTERVAL '01.000001' SECOND as decimal(10,6)) AS INTERVAL '01.000001' SECOND#x]
+- OneRowRelation


-- !query
select interval '08:11:10.001' hour to second :: decimal(10, 4)
-- !query analysis
Project [cast(INTERVAL '08:11:10.001' HOUR TO SECOND as decimal(10,4)) AS INTERVAL '08:11:10.001' HOUR TO SECOND#x]
+- OneRowRelation


-- !query
select interval '1 01:02:03.1' day to second :: decimal(8, 1)
-- !query analysis
Project [cast(INTERVAL '1 01:02:03.1' DAY TO SECOND as decimal(8,1)) AS INTERVAL '1 01:02:03.1' DAY TO SECOND#x]
+- OneRowRelation


-- !query
select interval '10.123' second :: decimal(4, 2)
-- !query analysis
Project [cast(INTERVAL '10.123' SECOND as decimal(4,2)) AS INTERVAL '10.123' SECOND#x]
+- OneRowRelation


-- !query
select interval '10.005' second :: decimal(4, 2)
-- !query analysis
Project [cast(INTERVAL '10.005' SECOND as decimal(4,2)) AS INTERVAL '10.005' SECOND#x]
+- OneRowRelation


-- !query
select interval '10.123' second :: decimal(5, 2)
-- !query analysis
Project [cast(INTERVAL '10.123' SECOND as decimal(5,2)) AS INTERVAL '10.123' SECOND#x]
+- OneRowRelation


-- !query
select interval '10.123' second :: decimal(1, 0)
-- !query analysis
Project [cast(INTERVAL '10.123' SECOND as decimal(1,0)) AS INTERVAL '10.123' SECOND#x]
+- OneRowRelation


-- !query
select 10.123456BD :: interval day to second
-- !query analysis
Project [cast(10.123456 as interval day to second) AS 10.123456#x]
+- OneRowRelation


-- !query
select 80.654321BD :: interval hour to minute
-- !query analysis
Project [cast(80.654321 as interval hour to minute) AS 80.654321#x]
+- OneRowRelation


-- !query
select -10.123456BD :: interval year to month
-- !query analysis
Project [cast(-10.123456 as interval year to month) AS -10.123456#x]
+- OneRowRelation


-- !query
select 10.654321BD :: interval month
-- !query analysis
Project [cast(10.654321 as interval month) AS 10.654321#x]
+- OneRowRelation
