-- Automatically generated by SQLQueryTestSuite
-- !query
create table t1(ucs_basic string collate ucs_basic, ucs_basic_lcase string collate ucs_basic_lcase) using parquet
-- !query analysis
CreateDataSourceTableCommand `spark_catalog`.`default`.`t1`, false


-- !query
insert into t1 values('aaa', 'aaa')
-- !query analysis
org.apache.spark.SparkIllegalArgumentException
{
  "errorClass" : "UNSUPPORTED_DATATYPE",
  "sqlState" : "0A000",
  "messageParameters" : {
    "typeName" : "{\"type\":\"struct\",\"fields\":[{\"name\":\"ucs_basic\",\"type\":\"string\",\"nullable\":false,\"metadata\":{}},{\"name\":\"ucs_basic_lcase\",\"type\":\"string COLLATE UCS_BASIC_LCASE\",\"nullable\":true,\"metadata\":{}}]}[1.1] failure: 'TimestampType' expected but '{' found\n\n{\"type\":\"struct\",\"fields\":[{\"name\":\"ucs_basic\",\"type\":\"string\",\"nullable\":false,\"metadata\":{}},{\"name\":\"ucs_basic_lcase\",\"type\":\"string COLLATE UCS_BASIC_LCASE\",\"nullable\":true,\"metadata\":{}}]}\n^"
  }
}


-- !query
insert into t1 values('AAA', 'AAA')
-- !query analysis
org.apache.spark.SparkIllegalArgumentException
{
  "errorClass" : "UNSUPPORTED_DATATYPE",
  "sqlState" : "0A000",
  "messageParameters" : {
    "typeName" : "{\"type\":\"struct\",\"fields\":[{\"name\":\"ucs_basic\",\"type\":\"string\",\"nullable\":false,\"metadata\":{}},{\"name\":\"ucs_basic_lcase\",\"type\":\"string COLLATE UCS_BASIC_LCASE\",\"nullable\":true,\"metadata\":{}}]}[1.1] failure: 'TimestampType' expected but '{' found\n\n{\"type\":\"struct\",\"fields\":[{\"name\":\"ucs_basic\",\"type\":\"string\",\"nullable\":false,\"metadata\":{}},{\"name\":\"ucs_basic_lcase\",\"type\":\"string COLLATE UCS_BASIC_LCASE\",\"nullable\":true,\"metadata\":{}}]}\n^"
  }
}


-- !query
insert into t1 values('bbb', 'bbb')
-- !query analysis
org.apache.spark.SparkIllegalArgumentException
{
  "errorClass" : "UNSUPPORTED_DATATYPE",
  "sqlState" : "0A000",
  "messageParameters" : {
    "typeName" : "{\"type\":\"struct\",\"fields\":[{\"name\":\"ucs_basic\",\"type\":\"string\",\"nullable\":false,\"metadata\":{}},{\"name\":\"ucs_basic_lcase\",\"type\":\"string COLLATE UCS_BASIC_LCASE\",\"nullable\":true,\"metadata\":{}}]}[1.1] failure: 'TimestampType' expected but '{' found\n\n{\"type\":\"struct\",\"fields\":[{\"name\":\"ucs_basic\",\"type\":\"string\",\"nullable\":false,\"metadata\":{}},{\"name\":\"ucs_basic_lcase\",\"type\":\"string COLLATE UCS_BASIC_LCASE\",\"nullable\":true,\"metadata\":{}}]}\n^"
  }
}


-- !query
insert into t1 values('BBB', 'BBB')
-- !query analysis
org.apache.spark.SparkIllegalArgumentException
{
  "errorClass" : "UNSUPPORTED_DATATYPE",
  "sqlState" : "0A000",
  "messageParameters" : {
    "typeName" : "{\"type\":\"struct\",\"fields\":[{\"name\":\"ucs_basic\",\"type\":\"string\",\"nullable\":false,\"metadata\":{}},{\"name\":\"ucs_basic_lcase\",\"type\":\"string COLLATE UCS_BASIC_LCASE\",\"nullable\":true,\"metadata\":{}}]}[1.1] failure: 'TimestampType' expected but '{' found\n\n{\"type\":\"struct\",\"fields\":[{\"name\":\"ucs_basic\",\"type\":\"string\",\"nullable\":false,\"metadata\":{}},{\"name\":\"ucs_basic_lcase\",\"type\":\"string COLLATE UCS_BASIC_LCASE\",\"nullable\":true,\"metadata\":{}}]}\n^"
  }
}


-- !query
select count(*) from t1 group by ucs_basic
-- !query analysis
Aggregate [ucs_basic#x], [count(1) AS count(1)#xL]
+- SubqueryAlias spark_catalog.default.t1
   +- Relation spark_catalog.default.t1[ucs_basic#x,ucs_basic_lcase#x] parquet


-- !query
select count(*) from t1 group by ucs_basic_lcase
-- !query analysis
Aggregate [ucs_basic_lcase#x], [count(1) AS count(1)#xL]
+- SubqueryAlias spark_catalog.default.t1
   +- Relation spark_catalog.default.t1[ucs_basic#x,ucs_basic_lcase#x] parquet


-- !query
select * from t1 where ucs_basic = 'aaa'
-- !query analysis
Project [ucs_basic#x, ucs_basic_lcase#x]
+- Filter (ucs_basic#x = aaa)
   +- SubqueryAlias spark_catalog.default.t1
      +- Relation spark_catalog.default.t1[ucs_basic#x,ucs_basic_lcase#x] parquet


-- !query
select * from t1 where ucs_basic_lcase = 'aaa' collate ucs_basic_lcase
-- !query analysis
Project [ucs_basic#x, ucs_basic_lcase#x]
+- Filter (ucs_basic_lcase#x = collate(aaa, ucs_basic_lcase))
   +- SubqueryAlias spark_catalog.default.t1
      +- Relation spark_catalog.default.t1[ucs_basic#x,ucs_basic_lcase#x] parquet


-- !query
select * from t1 where ucs_basic < 'bbb'
-- !query analysis
Project [ucs_basic#x, ucs_basic_lcase#x]
+- Filter (ucs_basic#x < bbb)
   +- SubqueryAlias spark_catalog.default.t1
      +- Relation spark_catalog.default.t1[ucs_basic#x,ucs_basic_lcase#x] parquet


-- !query
select * from t1 where ucs_basic_lcase < 'bbb' collate ucs_basic_lcase
-- !query analysis
Project [ucs_basic#x, ucs_basic_lcase#x]
+- Filter (ucs_basic_lcase#x < collate(bbb, ucs_basic_lcase))
   +- SubqueryAlias spark_catalog.default.t1
      +- Relation spark_catalog.default.t1[ucs_basic#x,ucs_basic_lcase#x] parquet


-- !query
drop table t1
-- !query analysis
DropTable false, false
+- ResolvedIdentifier V2SessionCatalog(spark_catalog), default.t1


-- !query
create table t1 (c1 struct<ucs_basic: string collate ucs_basic, ucs_basic_lcase: string collate ucs_basic_lcase>) USING PARQUET
-- !query analysis
CreateDataSourceTableCommand `spark_catalog`.`default`.`t1`, false


-- !query
INSERT INTO t1 VALUES (named_struct('ucs_basic', 'aaa', 'ucs_basic_lcase', 'aaa'))
-- !query analysis
org.apache.spark.SparkIllegalArgumentException
{
  "errorClass" : "UNSUPPORTED_DATATYPE",
  "sqlState" : "0A000",
  "messageParameters" : {
    "typeName" : "{\"type\":\"struct\",\"fields\":[{\"name\":\"c1\",\"type\":{\"type\":\"struct\",\"fields\":[{\"name\":\"ucs_basic\",\"type\":\"string\",\"nullable\":false,\"metadata\":{}},{\"name\":\"ucs_basic_lcase\",\"type\":\"string COLLATE UCS_BASIC_LCASE\",\"nullable\":true,\"metadata\":{}}]},\"nullable\":false,\"metadata\":{}}]}[1.1] failure: 'TimestampType' expected but '{' found\n\n{\"type\":\"struct\",\"fields\":[{\"name\":\"c1\",\"type\":{\"type\":\"struct\",\"fields\":[{\"name\":\"ucs_basic\",\"type\":\"string\",\"nullable\":false,\"metadata\":{}},{\"name\":\"ucs_basic_lcase\",\"type\":\"string COLLATE UCS_BASIC_LCASE\",\"nullable\":true,\"metadata\":{}}]},\"nullable\":false,\"metadata\":{}}]}\n^"
  }
}


-- !query
INSERT INTO t1 VALUES (named_struct('ucs_basic', 'AAA', 'ucs_basic_lcase', 'AAA'))
-- !query analysis
org.apache.spark.SparkIllegalArgumentException
{
  "errorClass" : "UNSUPPORTED_DATATYPE",
  "sqlState" : "0A000",
  "messageParameters" : {
    "typeName" : "{\"type\":\"struct\",\"fields\":[{\"name\":\"c1\",\"type\":{\"type\":\"struct\",\"fields\":[{\"name\":\"ucs_basic\",\"type\":\"string\",\"nullable\":false,\"metadata\":{}},{\"name\":\"ucs_basic_lcase\",\"type\":\"string COLLATE UCS_BASIC_LCASE\",\"nullable\":true,\"metadata\":{}}]},\"nullable\":false,\"metadata\":{}}]}[1.1] failure: 'TimestampType' expected but '{' found\n\n{\"type\":\"struct\",\"fields\":[{\"name\":\"c1\",\"type\":{\"type\":\"struct\",\"fields\":[{\"name\":\"ucs_basic\",\"type\":\"string\",\"nullable\":false,\"metadata\":{}},{\"name\":\"ucs_basic_lcase\",\"type\":\"string COLLATE UCS_BASIC_LCASE\",\"nullable\":true,\"metadata\":{}}]},\"nullable\":false,\"metadata\":{}}]}\n^"
  }
}


-- !query
select count(*) from t1 group by c1.ucs_basic
-- !query analysis
Aggregate [c1#x.ucs_basic], [count(1) AS count(1)#xL]
+- SubqueryAlias spark_catalog.default.t1
   +- Relation spark_catalog.default.t1[c1#x] parquet


-- !query
select count(*) from t1 group by c1.ucs_basic_lcase
-- !query analysis
Aggregate [c1#x.ucs_basic_lcase], [count(1) AS count(1)#xL]
+- SubqueryAlias spark_catalog.default.t1
   +- Relation spark_catalog.default.t1[c1#x] parquet


-- !query
drop table t1
-- !query analysis
DropTable false, false
+- ResolvedIdentifier V2SessionCatalog(spark_catalog), default.t1
