-- Automatically generated by SQLQueryTestSuite
-- Number of queries: 7


-- !query 0
SELECT udf(x) FROM (VALUES (1), (2), (NULL)) v(x)
-- !query 0 schema
struct<udf(x):int>
-- !query 0 output
1
2
NULL


-- !query 1
SELECT udf(x) FROM (VALUES ('A'), ('B'), (NULL)) v(x)
-- !query 1 schema
struct<udf(x):string>
-- !query 1 output
A
B
NULL


-- !query 2
SELECT udf(x) FROM (VALUES ('NaN'), ('1'), ('2')) v(x)
-- !query 2 schema
struct<udf(x):string>
-- !query 2 output
1
2
NaN


-- !query 3
SELECT udf(x) FROM (VALUES ('Infinity'), ('1'), ('2')) v(x)
-- !query 3 schema
struct<udf(x):string>
-- !query 3 output
1
2
Infinity


-- !query 4
SELECT udf(x) FROM (VALUES ('-Infinity'), ('1'), ('2')) v(x)
-- !query 4 schema
struct<udf(x):string>
-- !query 4 output
-Infinity
1
2


-- !query 5
SELECT udf(x) FROM (VALUES 0.00000001D, 0.00000002D, 0.00000003D) v(x)
-- !query 5 schema
struct<udf(x):double>
-- !query 5 output
1.0E-8
2.0E-8
3.0E-8


-- !query 6
SELECT array(1, 2, x), map('a', x), struct(x) FROM (VALUES (1), (2), (3)) v(x)
-- !query 6 schema
struct<array(1, 2, x):array<int>,map(a, x):map<string,int>,named_struct(x, x):struct<x:int>>
-- !query 6 output
[1,2,1]	{"a":1}	{"x":1}
[1,2,2]	{"a":2}	{"x":2}
[1,2,3]	{"a":3}	{"x":3}
