-- Automatically generated by SQLQueryTestSuite
-- Number of queries: 24


-- !query 0
CREATE TEMPORARY VIEW t1 AS SELECT * FROM VALUES (1) AS GROUPING(a)
-- !query 0 schema
struct<>
-- !query 0 output



-- !query 1
CREATE TEMPORARY VIEW t2 AS SELECT * FROM VALUES (1) AS GROUPING(a)
-- !query 1 schema
struct<>
-- !query 1 output



-- !query 2
CREATE TEMPORARY VIEW empty_table as SELECT a FROM t2 WHERE false
-- !query 2 schema
struct<>
-- !query 2 output



-- !query 3
SELECT udf(t1.a), udf(empty_table.a) FROM t1 INNER JOIN empty_table ON (udf(t1.a) = udf(empty_table.a))
-- !query 3 schema
struct<udf(a):string,udf(a):string>
-- !query 3 output



-- !query 4
SELECT udf(t1.a), udf(empty_table.a) FROM t1 CROSS JOIN empty_table ON (udf(t1.a) = udf(empty_table.a))
-- !query 4 schema
struct<udf(a):string,udf(a):string>
-- !query 4 output



-- !query 5
SELECT udf(t1.a), empty_table.a FROM t1 LEFT OUTER JOIN empty_table ON (udf(t1.a) = udf(empty_table.a))
-- !query 5 schema
struct<udf(a):string,a:int>
-- !query 5 output
1	NULL


-- !query 6
SELECT udf(t1.a), udf(empty_table.a) FROM t1 RIGHT OUTER JOIN empty_table ON (udf(t1.a) = udf(empty_table.a))
-- !query 6 schema
struct<udf(a):string,udf(a):string>
-- !query 6 output



-- !query 7
SELECT udf(t1.a), empty_table.a FROM t1 FULL OUTER JOIN empty_table ON (udf(t1.a) = udf(empty_table.a))
-- !query 7 schema
struct<udf(a):string,a:int>
-- !query 7 output
1	NULL


-- !query 8
SELECT udf(t1.a) FROM t1 LEFT SEMI JOIN empty_table ON (udf(t1.a) = udf(empty_table.a))
-- !query 8 schema
struct<udf(a):string>
-- !query 8 output



-- !query 9
SELECT udf(t1.a) FROM t1 LEFT ANTI JOIN empty_table ON (udf(t1.a) = udf(empty_table.a))
-- !query 9 schema
struct<udf(a):string>
-- !query 9 output
1


-- !query 10
SELECT udf(empty_table.a), udf(t1.a) FROM empty_table INNER JOIN t1 ON (udf(empty_table.a) = udf(t1.a))
-- !query 10 schema
struct<udf(a):string,udf(a):string>
-- !query 10 output



-- !query 11
SELECT udf(empty_table.a), udf(t1.a) FROM empty_table CROSS JOIN t1 ON (udf(empty_table.a) = udf(t1.a))
-- !query 11 schema
struct<udf(a):string,udf(a):string>
-- !query 11 output



-- !query 12
SELECT udf(empty_table.a), udf(t1.a) FROM empty_table LEFT OUTER JOIN t1 ON (udf(empty_table.a) = udf(t1.a))
-- !query 12 schema
struct<udf(a):string,udf(a):string>
-- !query 12 output



-- !query 13
SELECT empty_table.a, udf(t1.a) FROM empty_table RIGHT OUTER JOIN t1 ON (udf(empty_table.a) = udf(t1.a))
-- !query 13 schema
struct<a:int,udf(a):string>
-- !query 13 output
NULL	1


-- !query 14
SELECT empty_table.a, udf(t1.a) FROM empty_table FULL OUTER JOIN t1 ON (udf(empty_table.a) = udf(t1.a))
-- !query 14 schema
struct<a:int,udf(a):string>
-- !query 14 output
NULL	1


-- !query 15
SELECT empty_table.a FROM empty_table LEFT SEMI JOIN t1 ON (udf(empty_table.a) = udf(t1.a))
-- !query 15 schema
struct<a:int>
-- !query 15 output



-- !query 16
SELECT empty_table.a FROM empty_table LEFT ANTI JOIN t1 ON (udf(empty_table.a) = udf(t1.a))
-- !query 16 schema
struct<a:int>
-- !query 16 output



-- !query 17
SELECT udf(empty_table.a) FROM empty_table INNER JOIN empty_table AS empty_table2 ON (udf(empty_table.a) = udf(empty_table2.a))
-- !query 17 schema
struct<udf(a):string>
-- !query 17 output



-- !query 18
SELECT udf(empty_table.a) FROM empty_table CROSS JOIN empty_table AS empty_table2 ON (udf(empty_table.a) = udf(empty_table2.a))
-- !query 18 schema
struct<udf(a):string>
-- !query 18 output



-- !query 19
SELECT udf(empty_table.a) FROM empty_table LEFT OUTER JOIN empty_table AS empty_table2 ON (udf(empty_table.a) = udf(empty_table2.a))
-- !query 19 schema
struct<udf(a):string>
-- !query 19 output



-- !query 20
SELECT udf(empty_table.a) FROM empty_table RIGHT OUTER JOIN empty_table AS empty_table2 ON (udf(empty_table.a) = udf(empty_table2.a))
-- !query 20 schema
struct<udf(a):string>
-- !query 20 output



-- !query 21
SELECT udf(empty_table.a) FROM empty_table FULL OUTER JOIN empty_table AS empty_table2 ON (udf(empty_table.a) = udf(empty_table2.a))
-- !query 21 schema
struct<udf(a):string>
-- !query 21 output



-- !query 22
SELECT udf(empty_table.a) FROM empty_table LEFT SEMI JOIN empty_table AS empty_table2 ON (udf(empty_table.a) = udf(empty_table2.a))
-- !query 22 schema
struct<udf(a):string>
-- !query 22 output



-- !query 23
SELECT udf(empty_table.a) FROM empty_table LEFT ANTI JOIN empty_table AS empty_table2 ON (udf(empty_table.a) = udf(empty_table2.a))
-- !query 23 schema
struct<udf(a):string>
-- !query 23 output

